10:01:16 **** Incremental Build of configuration Debug for project Button1 ****
make -j16 all 
arm-none-eabi-gcc "../Drivers/STM32F1xx_HAL_Driver/Src/stm32f1xx_hal.c" -std=gnu11 -g -c -O0 -ffunction-sections -fdata-sections -Wall -fstack-usage -MMD -MP -MF"Drivers/STM32F1xx_HAL_Driver/Src/stm32f1xx_hal.d" -MT"Drivers/STM32F1xx_HAL_Driver/Src/stm32f1xx_hal.o" --specs=nano.specs -mfloat-abi=soft -mthumb -o "Drivers/STM32F1xx_HAL_Driver/Src/stm32f1xx_hal.o"
arm-none-eabi-gcc "../Drivers/STM32F1xx_HAL_Driver/Src/stm32f1xx_hal_cortex.c" -std=gnu11 -g -c -O0 -ffunction-sections -fdata-sections -Wall -fstack-usage -MMD -MP -MF"Drivers/STM32F1xx_HAL_Driver/Src/stm32f1xx_hal_cortex.d" -MT"Drivers/STM32F1xx_HAL_Driver/Src/stm32f1xx_hal_cortex.o" --specs=nano.specs -mfloat-abi=soft -mthumb -o "Drivers/STM32F1xx_HAL_Driver/Src/stm32f1xx_hal_cortex.o"
arm-none-eabi-gcc "../Drivers/STM32F1xx_HAL_Driver/Src/stm32f1xx_hal_dma.c" -std=gnu11 -g -c -O0 -ffunction-sections -fdata-sections -Wall -fstack-usage -MMD -MP -MF"Drivers/STM32F1xx_HAL_Driver/Src/stm32f1xx_hal_dma.d" -MT"Drivers/STM32F1xx_HAL_Driver/Src/stm32f1xx_hal_dma.o" --specs=nano.specs -mfloat-abi=soft -mthumb -o "Drivers/STM32F1xx_HAL_Driver/Src/stm32f1xx_hal_dma.o"
arm-none-eabi-gcc "../Drivers/STM32F1xx_HAL_Driver/Src/stm32f1xx_hal_exti.c" -std=gnu11 -g -c -O0 -ffunction-sections -fdata-sections -Wall -fstack-usage -MMD -MP -MF"Drivers/STM32F1xx_HAL_Driver/Src/stm32f1xx_hal_exti.d" -MT"Drivers/STM32F1xx_HAL_Driver/Src/stm32f1xx_hal_exti.o" --specs=nano.specs -mfloat-abi=soft -mthumb -o "Drivers/STM32F1xx_HAL_Driver/Src/stm32f1xx_hal_exti.o"
arm-none-eabi-gcc "../Drivers/STM32F1xx_HAL_Driver/Src/stm32f1xx_hal_flash.c" -std=gnu11 -g -c -O0 -ffunction-sections -fdata-sections -Wall -fstack-usage -MMD -MP -MF"Drivers/STM32F1xx_HAL_Driver/Src/stm32f1xx_hal_flash.d" -MT"Drivers/STM32F1xx_HAL_Driver/Src/stm32f1xx_hal_flash.o" --specs=nano.specs -mfloat-abi=soft -mthumb -o "Drivers/STM32F1xx_HAL_Driver/Src/stm32f1xx_hal_flash.o"
arm-none-eabi-gcc "../Drivers/STM32F1xx_HAL_Driver/Src/stm32f1xx_hal_flash_ex.c" -std=gnu11 -g -c -O0 -ffunction-sections -fdata-sections -Wall -fstack-usage -MMD -MP -MF"Drivers/STM32F1xx_HAL_Driver/Src/stm32f1xx_hal_flash_ex.d" -MT"Drivers/STM32F1xx_HAL_Driver/Src/stm32f1xx_hal_flash_ex.o" --specs=nano.specs -mfloat-abi=soft -mthumb -o "Drivers/STM32F1xx_HAL_Driver/Src/stm32f1xx_hal_flash_ex.o"
arm-none-eabi-gcc "../Drivers/STM32F1xx_HAL_Driver/Src/stm32f1xx_hal_gpio.c" -std=gnu11 -g -c -O0 -ffunction-sections -fdata-sections -Wall -fstack-usage -MMD -MP -MF"Drivers/STM32F1xx_HAL_Driver/Src/stm32f1xx_hal_gpio.d" -MT"Drivers/STM32F1xx_HAL_Driver/Src/stm32f1xx_hal_gpio.o" --specs=nano.specs -mfloat-abi=soft -mthumb -o "Drivers/STM32F1xx_HAL_Driver/Src/stm32f1xx_hal_gpio.o"
arm-none-eabi-gcc "../Drivers/STM32F1xx_HAL_Driver/Src/stm32f1xx_hal_gpio_ex.c" -std=gnu11 -g -c -O0 -ffunction-sections -fdata-sections -Wall -fstack-usage -MMD -MP -MF"Drivers/STM32F1xx_HAL_Driver/Src/stm32f1xx_hal_gpio_ex.d" -MT"Drivers/STM32F1xx_HAL_Driver/Src/stm32f1xx_hal_gpio_ex.o" --specs=nano.specs -mfloat-abi=soft -mthumb -o "Drivers/STM32F1xx_HAL_Driver/Src/stm32f1xx_hal_gpio_ex.o"
arm-none-eabi-gcc "../Drivers/STM32F1xx_HAL_Driver/Src/stm32f1xx_hal_pwr.c" -std=gnu11 -g -c -O0 -ffunction-sections -fdata-sections -Wall -fstack-usage -MMD -MP -MF"Drivers/STM32F1xx_HAL_Driver/Src/stm32f1xx_hal_pwr.d" -MT"Drivers/STM32F1xx_HAL_Driver/Src/stm32f1xx_hal_pwr.o" --specs=nano.specs -mfloat-abi=soft -mthumb -o "Drivers/STM32F1xx_HAL_Driver/Src/stm32f1xx_hal_pwr.o"
../Drivers/STM32F1xx_HAL_Driver/Src/stm32f1xx_hal.c:36:10: fatal error: stm32f1xx_hal.h: No such file or directory
arm-none-eabi-gcc "../Drivers/STM32F1xx_HAL_Driver/Src/stm32f1xx_hal_rcc.c" -std=gnu11 -g -c -O0 -ffunction-sections -fdata-sections -Wall -fstack-usage -MMD -MP -MF"Drivers/STM32F1xx_HAL_Driver/Src/stm32f1xx_hal_rcc.d" -MT"Drivers/STM32F1xx_HAL_Driver/Src/stm32f1xx_hal_rcc.o" --specs=nano.specs -mfloat-abi=soft -mthumb -o "Drivers/STM32F1xx_HAL_Driver/Src/stm32f1xx_hal_rcc.o"
   36 | #include "stm32f1xx_hal.h"
      |          ^~~~~~~~~~~~~~~~~
compilation terminated.
arm-none-eabi-gcc "../Drivers/STM32F1xx_HAL_Driver/Src/stm32f1xx_hal_rcc_ex.c" -std=gnu11 -g -c -O0 -ffunction-sections -fdata-sections -Wall -fstack-usage -MMD -MP -MF"Drivers/STM32F1xx_HAL_Driver/Src/stm32f1xx_hal_rcc_ex.d" -MT"Drivers/STM32F1xx_HAL_Driver/Src/stm32f1xx_hal_rcc_ex.o" --specs=nano.specs -mfloat-abi=soft -mthumb -o "Drivers/STM32F1xx_HAL_Driver/Src/stm32f1xx_hal_rcc_ex.o"
../Drivers/STM32F1xx_HAL_Driver/Src/stm32f1xx_hal_cortex.c:82:10: fatal error: stm32f1xx_hal.h: No such file or directory
   82 | #include "stm32f1xx_hal.h"
      |          ^~~~~~~~~~~~~~~~~
compilation terminated.
make: *** [Drivers/STM32F1xx_HAL_Driver/Src/subdir.mk:55: Drivers/STM32F1xx_HAL_Driver/Src/stm32f1xx_hal.o] Error 1
make: *** Waiting for unfinished jobs....
../Drivers/STM32F1xx_HAL_Driver/Src/stm32f1xx_hal_dma.c:84:10: fatal error: stm32f1xx_hal.h: No such file or directory
   84 | #include "stm32f1xx_hal.h"
      |          ^~~~~~~~~~~~~~~~~
compilation terminated.
make: *** [Drivers/STM32F1xx_HAL_Driver/Src/subdir.mk:55: Drivers/STM32F1xx_HAL_Driver/Src/stm32f1xx_hal_cortex.o] Error 1
make: *** [Drivers/STM32F1xx_HAL_Driver/Src/subdir.mk:55: Drivers/STM32F1xx_HAL_Driver/Src/stm32f1xx_hal_dma.o] Error 1
../Drivers/STM32F1xx_HAL_Driver/Src/stm32f1xx_hal_exti.c:86:10: fatal error: stm32f1xx_hal.h: No such file or directory
   86 | #include "stm32f1xx_hal.h"
      |          ^~~~~~~~~~~~~~~~~
compilation terminated.
../Drivers/STM32F1xx_HAL_Driver/Src/stm32f1xx_hal_flash.c:83:10: fatal error: stm32f1xx_hal.h: No such file or directory
   83 | #include "stm32f1xx_hal.h"
      |          ^~~~~~~~~~~~~~~~~
compilation terminated.
make: *** [Drivers/STM32F1xx_HAL_Driver/Src/subdir.mk:55: Drivers/STM32F1xx_HAL_Driver/Src/stm32f1xx_hal_exti.o] Error 1
../Drivers/STM32F1xx_HAL_Driver/Src/stm32f1xx_hal_flash_ex.c:41:10: fatal error: stm32f1xx_hal.h: No such file or directory
   41 | #include "stm32f1xx_hal.h"
      |          ^~~~~~~~~~~~~~~~~
compilation terminated.
make: *** [Drivers/STM32F1xx_HAL_Driver/Src/subdir.mk:55: Drivers/STM32F1xx_HAL_Driver/Src/stm32f1xx_hal_flash.o] Error 1
../Drivers/STM32F1xx_HAL_Driver/Src/stm32f1xx_hal_gpio.c:105:10: fatal error: stm32f1xx_hal.h: No such file or directory
  105 | #include "stm32f1xx_hal.h"
      |          ^~~~~~~~~~~~~~~~~
make: *** [Drivers/STM32F1xx_HAL_Driver/Src/subdir.mk:55: Drivers/STM32F1xx_HAL_Driver/Src/stm32f1xx_hal_flash_ex.o] Error 1
../Drivers/STM32F1xx_HAL_Driver/Src/stm32f1xx_hal_gpio_ex.c:40:10: fatal error: stm32f1xx_hal.h: No such file or directory
   40 | #include "stm32f1xx_hal.h"
      |          ^~~~~~~~~~~~~~~~~
../Drivers/STM32F1xx_HAL_Driver/Src/stm32f1xx_hal_pwr.c:26:10: fatal error: stm32f1xx_hal.h: No such file or directory
   26 | #include "stm32f1xx_hal.h"
      |          ^~~~~~~~~~~~~~~~~
compilation terminated.
compilation terminated.
compilation terminated.
../Drivers/STM32F1xx_HAL_Driver/Src/stm32f1xx_hal_rcc.c:61:10: fatal error: stm32f1xx_hal.h: No such file or directory
   61 | #include "stm32f1xx_hal.h"
      |          ^~~~~~~~~~~~~~~~~
compilation terminated.
make: *** [Drivers/STM32F1xx_HAL_Driver/Src/subdir.mk:55: Drivers/STM32F1xx_HAL_Driver/Src/stm32f1xx_hal_pwr.o] Error 1
make: *** [Drivers/STM32F1xx_HAL_Driver/Src/subdir.mk:55: Drivers/STM32F1xx_HAL_Driver/Src/stm32f1xx_hal_gpio.o] Error 1
make: *** [Drivers/STM32F1xx_HAL_Driver/Src/subdir.mk:55: Drivers/STM32F1xx_HAL_Driver/Src/stm32f1xx_hal_rcc.o] Error 1
make: *** [Drivers/STM32F1xx_HAL_Driver/Src/subdir.mk:55: Drivers/STM32F1xx_HAL_Driver/Src/stm32f1xx_hal_gpio_ex.o] Error 1
../Drivers/STM32F1xx_HAL_Driver/Src/stm32f1xx_hal_rcc_ex.c:23:10: fatal error: stm32f1xx_hal.h: No such file or directory
   23 | #include "stm32f1xx_hal.h"
      |          ^~~~~~~~~~~~~~~~~
compilation terminated.
make: *** [Drivers/STM32F1xx_HAL_Driver/Src/subdir.mk:55: Drivers/STM32F1xx_HAL_Driver/Src/stm32f1xx_hal_rcc_ex.o] Error 1
"make -j16 all" terminated with exit code 2. Build might be incomplete.

10:01:17 Build Failed. 23 errors, 0 warnings. (took 319ms)

